// Jest Snapshot v1, https://goo.gl/fbAQLP

exports[`should render hesder correctly 1`] = `
<header>
  <h1>
    Spendee
  </h1>
  <NavLink
    activeClassName="is-active"
    exact={true}
    to="/"
  >
    Dashboard
  </NavLink>
  <NavLink
    activeClassName="is-active"
    to="/Create"
  >
    Create Expense
  </NavLink>
  <button
    onClick={[Function]}
  >
    Logout
  </button>
</header>
`;
